/Users/shenhuan/Coding/eclipse/java-neon/workspace/SearchEngineImplementation/src/main/java/SearchEngine/Datasource/HBase.java
/Users/shenhuan/Coding/eclipse/java-neon/workspace/SearchEngineImplementation/src/main/java/MahoutMachineLearning/Classification/NBQueryClassifierOnline.java
/Users/shenhuan/Coding/eclipse/java-neon/workspace/SearchEngineImplementation/src/main/java/SearchEngine/SearchEngineImplementation/Solr/ListingSimilarity.java
/Users/shenhuan/Coding/eclipse/java-neon/workspace/SearchEngineImplementation/src/main/java/SearchEngine/SearchEngineImplementation/Solr/SolrSearchEngineBasic.java
/Users/shenhuan/Coding/eclipse/java-neon/workspace/SearchEngineImplementation/src/main/java/MahoutMachineLearning/Classification/NBClassifierOnline.java
/Users/shenhuan/Coding/eclipse/java-neon/workspace/SearchEngineImplementation/src/main/java/SearchEngine/SearchEngineImplementation/SearchEngineTest.java
/Users/shenhuan/Coding/eclipse/java-neon/workspace/SearchEngineImplementation/src/main/java/SearchEngine/SearchEngineImplementation/Elasticsearch/ProcessForMySQL.java
/Users/shenhuan/Coding/eclipse/java-neon/workspace/SearchEngineImplementation/src/main/java/SearchEngine/SearchEngineImplementation/SearchEngineBasicInterface.java
/Users/shenhuan/Coding/eclipse/java-neon/workspace/SearchEngineImplementation/src/main/java/SearchEngine/SearchEngineImplementation/ListingDocument.java
/Users/shenhuan/Coding/eclipse/java-neon/workspace/SearchEngineImplementation/src/main/java/MahoutMachineLearning/Classification/NBQueryClassifierOnlineForSearch.java
/Users/shenhuan/Coding/eclipse/java-neon/workspace/SearchEngineImplementation/src/main/java/SearchEngine/SearchEngineImplementation/Solr/SolrSearchEngineRelevant.java
/Users/shenhuan/Coding/eclipse/java-neon/workspace/SearchEngineImplementation/src/main/java/SearchEngine/SearchEngineImplementation/Elasticsearch/ElasticSearchEngineBasic.java
